GAS LISTING /tmp/cc5MOrBJ.s 			page 1


   1              		.file	"userMain.cpp"
   2              		.option nopic
   3              		.option norelax
   4              		.attribute arch, "rv64i2p0_m2p0_a2p0"
   5              		.attribute unaligned_access, 0
   6              		.attribute stack_align, 16
   7              		.text
   8              	.Ltext0:
   9              		.section	.rodata.str1.8,"aMS",@progbits,1
  10              		.align	3
  11              	.LC0:
  12 0000 20202075 		.string	"   user: hello from userMain\n"
  12      7365723A 
  12      2068656C 
  12      6C6F2066 
  12      726F6D20 
  13              		.text
  14              		.align	2
  15              		.globl	_Z8userMainv
  17              	_Z8userMainv:
  18              	.LFB0:
  19              		.file 1 "src/userMain.cpp"
   1:src/userMain.cpp **** // src/userMain.cpp
   2:src/userMain.cpp **** 
   3:src/userMain.cpp **** extern void kputs(const char* s);   // defined in main.cpp; same build, so this links
   4:src/userMain.cpp **** 
   5:src/userMain.cpp **** void userMain() {
  20              		.loc 1 5 17
  21              		.cfi_startproc
  22 0000 130101FF 		addi	sp,sp,-16
  23              		.cfi_def_cfa_offset 16
  24 0004 23341100 		sd	ra,8(sp)
  25 0008 23308100 		sd	s0,0(sp)
  26              		.cfi_offset 1, -8
  27              		.cfi_offset 8, -16
  28 000c 13040101 		addi	s0,sp,16
  29              		.cfi_def_cfa 8, 0
   6:src/userMain.cpp ****     kputs("   user: hello from userMain\n");
  30              		.loc 1 6 5
  31              		.loc 1 6 10 is_stmt 0
  32 0010 17050000 		lla	a0,.LC0
  32      13050500 
  33 0018 97000000 		call	_Z5kputsPKc
  33      E7800000 
  34              	.LVL0:
   7:src/userMain.cpp **** }...
  35              		.loc 1 7 1
  36 0020 83308100 		ld	ra,8(sp)
  37              		.cfi_restore 1
  38 0024 03340100 		ld	s0,0(sp)
  39              		.cfi_restore 8
  40              		.cfi_def_cfa 2, 16
  41 0028 13010101 		addi	sp,sp,16
  42              		.cfi_def_cfa_offset 0
  43 002c 67800000 		jr	ra
  44              		.cfi_endproc
  45              	.LFE0:
GAS LISTING /tmp/cc5MOrBJ.s 			page 2


  47              	.Letext0:
GAS LISTING /tmp/cc5MOrBJ.s 			page 3


DEFINED SYMBOLS
                            *ABS*:0000000000000000 userMain.cpp
     /tmp/cc5MOrBJ.s:17     .text:0000000000000000 _Z8userMainv
     /tmp/cc5MOrBJ.s:21     .text:0000000000000000 .L0 
     /tmp/cc5MOrBJ.s:22     .text:0000000000000000 .L0 
     /tmp/cc5MOrBJ.s:23     .text:0000000000000004 .L0 
     /tmp/cc5MOrBJ.s:26     .text:000000000000000c .L0 
     /tmp/cc5MOrBJ.s:27     .text:000000000000000c .L0 
     /tmp/cc5MOrBJ.s:29     .text:0000000000000010 .L0 
     /tmp/cc5MOrBJ.s:31     .text:0000000000000010 .L0 
     /tmp/cc5MOrBJ.s:32     .text:0000000000000010 .L0 
     /tmp/cc5MOrBJ.s:36     .text:0000000000000020 .L0 
     /tmp/cc5MOrBJ.s:37     .text:0000000000000024 .L0 
     /tmp/cc5MOrBJ.s:39     .text:0000000000000028 .L0 
     /tmp/cc5MOrBJ.s:40     .text:0000000000000028 .L0 
     /tmp/cc5MOrBJ.s:42     .text:000000000000002c .L0 
     /tmp/cc5MOrBJ.s:44     .text:0000000000000030 .L0 
     /tmp/cc5MOrBJ.s:48     .text:0000000000000030 .L0 
     /tmp/cc5MOrBJ.s:11     .rodata.str1.8:0000000000000000 .LC0
     /tmp/cc5MOrBJ.s:32     .text:0000000000000010 .L0 
     /tmp/cc5MOrBJ.s:92     .debug_abbrev:0000000000000000 .Ldebug_abbrev0
     /tmp/cc5MOrBJ.s:196    .debug_str:0000000000000012 .LASF0
     /tmp/cc5MOrBJ.s:200    .debug_str:00000000000000dc .LASF1
     /tmp/cc5MOrBJ.s:194    .debug_str:000000000000000c .LASF2
     /tmp/cc5MOrBJ.s:8      .text:0000000000000000 .Ltext0
     /tmp/cc5MOrBJ.s:47     .text:0000000000000030 .Letext0
     /tmp/cc5MOrBJ.s:190    .debug_line:0000000000000000 .Ldebug_line0
     /tmp/cc5MOrBJ.s:202    .debug_str:00000000000000ed .LASF3
     /tmp/cc5MOrBJ.s:204    .debug_str:00000000000000f6 .LASF4
     /tmp/cc5MOrBJ.s:18     .text:0000000000000000 .LFB0
     /tmp/cc5MOrBJ.s:45     .text:0000000000000030 .LFE0
     /tmp/cc5MOrBJ.s:34     .text:0000000000000020 .LVL0
     /tmp/cc5MOrBJ.s:192    .debug_str:0000000000000000 .LASF5
     /tmp/cc5MOrBJ.s:198    .debug_str:00000000000000d6 .LASF6
     /tmp/cc5MOrBJ.s:49     .debug_info:0000000000000000 .Ldebug_info0

UNDEFINED SYMBOLS
_Z5kputsPKc
